Archive member included to satisfy reference by file (symbol)

/home/athul-muralidhar/st/stm32cubeide_1.15.1/plugins/com.st.stm32cube.ide.mcu.externaltools.gnu-tools-for-stm32.12.3.rel1.linux64_1.0.200.202406132123/tools/bin/../lib/gcc/arm-none-eabi/12.3.1/../../../../arm-none-eabi/lib/thumb/v7e-m+fp/hard/libc_nano.a(libc_a-exit.o)
                              /home/athul-muralidhar/st/stm32cubeide_1.15.1/plugins/com.st.stm32cube.ide.mcu.externaltools.gnu-tools-for-stm32.12.3.rel1.linux64_1.0.200.202406132123/tools/bin/../lib/gcc/arm-none-eabi/12.3.1/../../../../arm-none-eabi/lib/thumb/v7e-m+fp/hard/crt0.o (exit)
/home/athul-muralidhar/st/stm32cubeide_1.15.1/plugins/com.st.stm32cube.ide.mcu.externaltools.gnu-tools-for-stm32.12.3.rel1.linux64_1.0.200.202406132123/tools/bin/../lib/gcc/arm-none-eabi/12.3.1/../../../../arm-none-eabi/lib/thumb/v7e-m+fp/hard/libc_nano.a(libc_a-findfp.o)
                              /home/athul-muralidhar/st/stm32cubeide_1.15.1/plugins/com.st.stm32cube.ide.mcu.externaltools.gnu-tools-for-stm32.12.3.rel1.linux64_1.0.200.202406132123/tools/bin/../lib/gcc/arm-none-eabi/12.3.1/../../../../arm-none-eabi/lib/thumb/v7e-m+fp/hard/libc_nano.a(libc_a-exit.o) (__stdio_exit_handler)
/home/athul-muralidhar/st/stm32cubeide_1.15.1/plugins/com.st.stm32cube.ide.mcu.externaltools.gnu-tools-for-stm32.12.3.rel1.linux64_1.0.200.202406132123/tools/bin/../lib/gcc/arm-none-eabi/12.3.1/../../../../arm-none-eabi/lib/thumb/v7e-m+fp/hard/libc_nano.a(libc_a-fwalk.o)
                              /home/athul-muralidhar/st/stm32cubeide_1.15.1/plugins/com.st.stm32cube.ide.mcu.externaltools.gnu-tools-for-stm32.12.3.rel1.linux64_1.0.200.202406132123/tools/bin/../lib/gcc/arm-none-eabi/12.3.1/../../../../arm-none-eabi/lib/thumb/v7e-m+fp/hard/libc_nano.a(libc_a-findfp.o) (_fwalk_sglue)
/home/athul-muralidhar/st/stm32cubeide_1.15.1/plugins/com.st.stm32cube.ide.mcu.externaltools.gnu-tools-for-stm32.12.3.rel1.linux64_1.0.200.202406132123/tools/bin/../lib/gcc/arm-none-eabi/12.3.1/../../../../arm-none-eabi/lib/thumb/v7e-m+fp/hard/libc_nano.a(libc_a-stdio.o)
                              /home/athul-muralidhar/st/stm32cubeide_1.15.1/plugins/com.st.stm32cube.ide.mcu.externaltools.gnu-tools-for-stm32.12.3.rel1.linux64_1.0.200.202406132123/tools/bin/../lib/gcc/arm-none-eabi/12.3.1/../../../../arm-none-eabi/lib/thumb/v7e-m+fp/hard/libc_nano.a(libc_a-findfp.o) (__sread)
/home/athul-muralidhar/st/stm32cubeide_1.15.1/plugins/com.st.stm32cube.ide.mcu.externaltools.gnu-tools-for-stm32.12.3.rel1.linux64_1.0.200.202406132123/tools/bin/../lib/gcc/arm-none-eabi/12.3.1/../../../../arm-none-eabi/lib/thumb/v7e-m+fp/hard/libc_nano.a(libc_a-memset.o)
                              /home/athul-muralidhar/st/stm32cubeide_1.15.1/plugins/com.st.stm32cube.ide.mcu.externaltools.gnu-tools-for-stm32.12.3.rel1.linux64_1.0.200.202406132123/tools/bin/../lib/gcc/arm-none-eabi/12.3.1/../../../../arm-none-eabi/lib/thumb/v7e-m+fp/hard/crt0.o (memset)
/home/athul-muralidhar/st/stm32cubeide_1.15.1/plugins/com.st.stm32cube.ide.mcu.externaltools.gnu-tools-for-stm32.12.3.rel1.linux64_1.0.200.202406132123/tools/bin/../lib/gcc/arm-none-eabi/12.3.1/../../../../arm-none-eabi/lib/thumb/v7e-m+fp/hard/libc_nano.a(libc_a-closer.o)
                              /home/athul-muralidhar/st/stm32cubeide_1.15.1/plugins/com.st.stm32cube.ide.mcu.externaltools.gnu-tools-for-stm32.12.3.rel1.linux64_1.0.200.202406132123/tools/bin/../lib/gcc/arm-none-eabi/12.3.1/../../../../arm-none-eabi/lib/thumb/v7e-m+fp/hard/libc_nano.a(libc_a-stdio.o) (_close_r)
/home/athul-muralidhar/st/stm32cubeide_1.15.1/plugins/com.st.stm32cube.ide.mcu.externaltools.gnu-tools-for-stm32.12.3.rel1.linux64_1.0.200.202406132123/tools/bin/../lib/gcc/arm-none-eabi/12.3.1/../../../../arm-none-eabi/lib/thumb/v7e-m+fp/hard/libc_nano.a(libc_a-reent.o)
                              /home/athul-muralidhar/st/stm32cubeide_1.15.1/plugins/com.st.stm32cube.ide.mcu.externaltools.gnu-tools-for-stm32.12.3.rel1.linux64_1.0.200.202406132123/tools/bin/../lib/gcc/arm-none-eabi/12.3.1/../../../../arm-none-eabi/lib/thumb/v7e-m+fp/hard/libc_nano.a(libc_a-closer.o) (errno)
/home/athul-muralidhar/st/stm32cubeide_1.15.1/plugins/com.st.stm32cube.ide.mcu.externaltools.gnu-tools-for-stm32.12.3.rel1.linux64_1.0.200.202406132123/tools/bin/../lib/gcc/arm-none-eabi/12.3.1/../../../../arm-none-eabi/lib/thumb/v7e-m+fp/hard/libc_nano.a(libc_a-impure.o)
                              /home/athul-muralidhar/st/stm32cubeide_1.15.1/plugins/com.st.stm32cube.ide.mcu.externaltools.gnu-tools-for-stm32.12.3.rel1.linux64_1.0.200.202406132123/tools/bin/../lib/gcc/arm-none-eabi/12.3.1/../../../../arm-none-eabi/lib/thumb/v7e-m+fp/hard/libc_nano.a(libc_a-reent.o) (_impure_ptr)
/home/athul-muralidhar/st/stm32cubeide_1.15.1/plugins/com.st.stm32cube.ide.mcu.externaltools.gnu-tools-for-stm32.12.3.rel1.linux64_1.0.200.202406132123/tools/bin/../lib/gcc/arm-none-eabi/12.3.1/../../../../arm-none-eabi/lib/thumb/v7e-m+fp/hard/libc_nano.a(libc_a-lseekr.o)
[...]
Memory Configuration

Name             Origin             Length             Attributes
CCMRAM           0x10000000         0x00010000         xrw
RAM              0x20000000         0x00020000         xrw
FLASH            0x08000000         0x00100000         xr
*default*        0x00000000         0xffffffff

Linker script and memory map

LOAD /home/athul-muralidhar/st/stm32cubeide_1.15.1/plugins/com.st.stm32cube.ide.mcu.externaltools.gnu-tools-for-stm32.12.3.rel1.linux64_1.0.200.202406132123/tools/bin/../lib/gcc/arm-none-eabi/12.3.1/thumb/v7e-m+fp/hard/crti.o
LOAD /home/athul-muralidhar/st/stm32cubeide_1.15.1/plugins/com.st.stm32cube.ide.mcu.externaltools.gnu-tools-for-stm32.12.3.rel1.linux64_1.0.200.202406132123/tools/bin/../lib/gcc/arm-none-eabi/12.3.1/thumb/v7e-m+fp/hard/crtbegin.o
LOAD /home/athul-muralidhar/st/stm32cubeide_1.15.1/plugins/com.st.stm32cube.ide.mcu.externaltools.gnu-tools-for-stm32.12.3.rel1.linux64_1.0.200.202406132123/tools/bin/../lib/gcc/arm-none-eabi/12.3.1/../../../../arm-none-eabi/lib/thumb/v7e-m+fp/hard/crt0.o
LOAD ./Src/main.o
LOAD ./Src/syscalls.o
LOAD ./Src/sysmem.o
LOAD ./Startup/startup_stm32f407vgtx.o
LOAD ./drivers/stm32f407xx_gpio_driver.o
LOAD ./drivers/stm32f407xx_i2c_driver.o
LOAD ./drivers/stm32f407xx_rcc_driver.o
LOAD ./drivers/stm32f407xx_spi_driver.o
START GROUP
LOAD /home/athul-muralidhar/st/stm32cubeide_1.15.1/plugins/com.st.stm32cube.ide.mcu.externaltools.gnu-tools-for-stm32.12.3.rel1.linux64_1.0.200.202406132123/tools/bin/../lib/gcc/arm-none-eabi/12.3.1/../../../../arm-none-eabi/lib/thumb/v7e-m+fp/hard/libc_nano.a
LOAD /home/athul-muralidhar/st/stm32cubeide_1.15.1/plugins/com.st.stm32cube.ide.mcu.externaltools.gnu-tools-for-stm32.12.3.rel1.linux64_1.0.200.202406132123/tools/bin/../lib/gcc/arm-none-eabi/12.3.1/../../../../arm-none-eabi/lib/thumb/v7e-m+fp/hard/libm.a
END GROUP
START GROUP
LOAD /home/athul-muralidhar/st/stm32cubeide_1.15.1/plugins/com.st.stm32cube.ide.mcu.externaltools.gnu-tools-for-stm32.12.3.rel1.linux64_1.0.200.202406132123/tools/bin/../lib/gcc/arm-none-eabi/12.3.1/thumb/v7e-m+fp/hard/libgcc.a
LOAD /home/athul-muralidhar/st/stm32cubeide_1.15.1/plugins/com.st.stm32cube.ide.mcu.externaltools.gnu-tools-for-stm32.12.3.rel1.linux64_1.0.200.202406132123/tools/bin/../lib/gcc/arm-none-eabi/12.3.1/../../../../arm-none-eabi/lib/thumb/v7e-m+fp/hard/libc_nano.a
END GROUP
START GROUP
LOAD /home/athul-muralidhar/st/stm32cubeide_1.15.1/plugins/com.st.stm32cube.ide.mcu.externaltools.gnu-tools-for-stm32.12.3.rel1.linux64_1.0.200.202406132123/tools/bin/../lib/gcc/arm-none-eabi/12.3.1/thumb/v7e-m+fp/hard/libgcc.a
LOAD /home/athul-muralidhar/st/stm32cubeide_1.15.1/plugins/com.st.stm32cube.ide.mcu.externaltools.gnu-tools-for-stm32.12.3.rel1.linux64_1.0.200.202406132123/tools/bin/../lib/gcc/arm-none-eabi/12.3.1/../../../../arm-none-eabi/lib/thumb/v7e-m+fp/hard/libc_nano.a
LOAD /home/athul-muralidhar/st/stm32cubeide_1.15.1/plugins/com.st.stm32cube.ide.mcu.externaltools.gnu-tools-for-stm32.12.3.rel1.linux64_1.0.200.202406132123/tools/bin/../lib/gcc/arm-none-eabi/12.3.1/../../../../arm-none-eabi/lib/thumb/v7e-m+fp/hard/libnosys.a
END GROUP
START GROUP
LOAD /home/athul-muralidhar/st/stm32cubeide_1.15.1/plugins/com.st.stm32cube.ide.mcu.externaltools.gnu-tools-for-stm32.12.3.rel1.linux64_1.0.200.202406132123/tools/bin/../lib/gcc/arm-none-eabi/12.3.1/thumb/v7e-m+fp/hard/libgcc.a
LOAD /home/athul-muralidhar/st/stm32cubeide_1.15.1/plugins/com.st.stm32cube.ide.mcu.externaltools.gnu-tools-for-stm32.12.3.rel1.linux64_1.0.200.202406132123/tools/bin/../lib/gcc/arm-none-eabi/12.3.1/../../../../arm-none-eabi/lib/thumb/v7e-m+fp/hard/libc_nano.a
LOAD /home/athul-muralidhar/st/stm32cubeide_1.15.1/plugins/com.st.stm32cube.ide.mcu.externaltools.gnu-tools-for-stm32.12.3.rel1.linux64_1.0.200.202406132123/tools/bin/../lib/gcc/arm-none-eabi/12.3.1/../../../../arm-none-eabi/lib/thumb/v7e-m+fp/hard/libnosys.a
END GROUP
LOAD /home/athul-muralidhar/st/stm32cubeide_1.15.1/plugins/com.st.stm32cube.ide.mcu.externaltools.gnu-tools-for-stm32.12.3.rel1.linux64_1.0.200.202406132123/tools/bin/../lib/gcc/arm-none-eabi/12.3.1/thumb/v7e-m+fp/hard/crtend.o
LOAD /home/athul-muralidhar/st/stm32cubeide_1.15.1/plugins/com.st.stm32cube.ide.mcu.externaltools.gnu-tools-for-stm32.12.3.rel1.linux64_1.0.200.202406132123/tools/bin/../lib/gcc/arm-none-eabi/12.3.1/thumb/v7e-m+fp/hard/crtn.o
                0x20020000                        _estack = (ORIGIN (RAM) + LENGTH (RAM))
                0x00000200                        _Min_Heap_Size = 0x200
                0x00000400                        _Min_Stack_Size = 0x400

.isr_vector     0x08000000      0x188
                0x08000000                        . = ALIGN (0x4)
 *(.isr_vector)
 .isr_vector    0x08000000      0x188 ./Startup/startup_stm32f407vgtx.o
                0x08000000                g_pfnVectors
                0x08000188                        . = ALIGN (0x4)

.text           0x08000188      0x720
                0x08000188                        . = ALIGN (0x4)
 *(.text)
 .text          0x08000188       0x40 /home/athul-muralidhar/st/stm32cubeide_1.15.1/plugins/com.st.stm32cube.ide.mcu.externaltools.gnu-tools-for-stm32.12.3.rel1.linux64_1.0.200.202406132123/tools/bin/../lib/gcc/arm-none-eabi/12.3.1/thumb/v7e-m+fp/hard/crtbegin.o
 .text          0x080001c8       0x10 /home/athul-muralidhar/st/stm32cubeide_1.15.1/plugins/com.st.stm32cube.ide.mcu.externaltools.gnu-tools-for-stm32.12.3.rel1.linux64_1.0.200.202406132123/tools/bin/../lib/gcc/arm-none-eabi/12.3.1/../../../../arm-none-eabi/lib/thumb/v7e-m+fp/hard/libc_nano.a(libc_a-strlen.o)
                0x080001c8                strlen
 *(.text*)
 .text.SPI2_GPIOInits
                0x080001d8       0x74 ./Src/main.o
                0x080001d8                SPI2_GPIOInits
 .text.main     0x0800024c       0x60 ./Src/main.o
                0x0800024c                main
 .text.Reset_Handler
                0x080002ac       0x50 ./Startup/startup_stm32f407vgtx.o
                0x080002ac                Reset_Handler
 .text.Default_Handler
                0x080002fc        0x2 ./Startup/startup_stm32f407vgtx.o
                0x080002fc                RTC_Alarm_IRQHandler
                0x080002fc                HASH_RNG_IRQHandler
                0x080002fc                EXTI2_IRQHandler
                0x080002fc                TIM8_CC_IRQHandler
                0x080002fc                DebugMon_Handler
                0x080002fc                TIM1_CC_IRQHandler
                0x080002fc                DMA2_Stream5_IRQHandler
                0x080002fc                HardFault_Handler
                0x080002fc                DMA1_Stream5_IRQHandler
                0x080002fc                SysTick_Handler
                0x080002fc                PVD_IRQHandler
                0x080002fc                SDIO_IRQHandler
                0x080002fc                TAMP_STAMP_IRQHandler
                0x080002fc                PendSV_Handler
                0x080002fc                NMI_Handler
                0x080002fc                CAN2_RX1_IRQHandler
                0x080002fc                EXTI3_IRQHandler
                0x080002fc                TIM8_TRG_COM_TIM14_IRQHandler
                0x080002fc                TIM1_UP_TIM10_IRQHandler
                0x080002fc                TIM8_UP_TIM13_IRQHandler
                0x080002fc                I2C3_ER_IRQHandler
                0x080002fc                EXTI0_IRQHandler
                0x080002fc                I2C2_EV_IRQHandler
                0x080002fc                DMA1_Stream2_IRQHandler
                0x080002fc                CAN1_RX0_IRQHandler
                0x080002fc                FPU_IRQHandler
                0x080002fc                OTG_HS_WKUP_IRQHandler
                0x080002fc                UsageFault_Handler
                0x080002fc                CAN2_SCE_IRQHandler
                0x080002fc                DMA2_Stream2_IRQHandler
                0x080002fc                SPI1_IRQHandler
                0x080002fc                TIM6_DAC_IRQHandler
                0x080002fc                TIM1_BRK_TIM9_IRQHandler
                0x080002fc                DCMI_IRQHandler
                0x080002fc                CAN2_RX0_IRQHandler
                0x080002fc                DMA2_Stream3_IRQHandler
                0x080002fc                USART6_IRQHandler
                0x080002fc                USART3_IRQHandler
                0x080002fc                CRYP_IRQHandler
                0x080002fc                CAN1_RX1_IRQHandler
                0x080002fc                UART5_IRQHandler
                0x080002fc                DMA2_Stream0_IRQHandler
                0x080002fc                TIM4_IRQHandler
                0x080002fc                I2C1_EV_IRQHandler
                0x080002fc                DMA1_Stream6_IRQHandler
                0x080002fc                DMA1_Stream1_IRQHandler
                0x080002fc                UART4_IRQHandler
                0x080002fc                TIM3_IRQHandler
                0x080002fc                RCC_IRQHandler
                0x080002fc                TIM8_BRK_TIM12_IRQHandler
                0x080002fc                Default_Handler
                0x080002fc                EXTI15_10_IRQHandler
                0x080002fc                ADC_IRQHandler
                0x080002fc                DMA1_Stream7_IRQHandler
                0x080002fc                TIM7_IRQHandler
                0x080002fc                CAN2_TX_IRQHandler
                0x080002fc                TIM5_IRQHandler
                0x080002fc                DMA2_Stream7_IRQHandler
                0x080002fc                I2C3_EV_IRQHandler
                0x080002fc                EXTI9_5_IRQHandler
                0x080002fc                RTC_WKUP_IRQHandler
                0x080002fc                ETH_WKUP_IRQHandler
                0x080002fc                SPI2_IRQHandler
                0x080002fc                OTG_HS_EP1_IN_IRQHandler
                0x080002fc                MemManage_Handler
                0x080002fc                DMA1_Stream0_IRQHandler
                0x080002fc                CAN1_TX_IRQHandler
                0x080002fc                SVC_Handler
                0x080002fc                EXTI4_IRQHandler
                0x080002fc                FSMC_IRQHandler
                0x080002fc                ETH_IRQHandler
                0x080002fc                OTG_HS_EP1_OUT_IRQHandler
                0x080002fc                WWDG_IRQHandler
                0x080002fc                TIM2_IRQHandler
                0x080002fc                OTG_FS_WKUP_IRQHandler
                0x080002fc                TIM1_TRG_COM_TIM11_IRQHandler
                0x080002fc                OTG_HS_IRQHandler
                0x080002fc                EXTI1_IRQHandler
                0x080002fc                USART2_IRQHandler
                0x080002fc                I2C2_ER_IRQHandler
                0x080002fc                DMA2_Stream1_IRQHandler
                0x080002fc                CAN1_SCE_IRQHandler
                0x080002fc                DMA2_Stream4_IRQHandler
                0x080002fc                BusFault_Handler
                0x080002fc                USART1_IRQHandler
                0x080002fc                OTG_FS_IRQHandler
                0x080002fc                SPI3_IRQHandler
                0x080002fc                DMA1_Stream4_IRQHandler
                0x080002fc                I2C1_ER_IRQHandler
                0x080002fc                DMA2_Stream6_IRQHandler
                0x080002fc                DMA1_Stream3_IRQHandler
 *fill*         0x080002fe        0x2 
 .text.GPIO_PClockControl
                0x08000300      0x10c ./drivers/stm32f407xx_gpio_driver.o
                0x08000300                GPIO_PClockControl
 .text.GPIO_Init
                0x0800040c      0x32c ./drivers/stm32f407xx_gpio_driver.o
                0x0800040c                GPIO_Init
 .text.SPI_GetFlagStatus
                0x08000738       0x28 ./drivers/stm32f407xx_spi_driver.o
                0x08000738                SPI_GetFlagStatus
 .text.SPI_SendData
                0x08000760       0x6e ./drivers/stm32f407xx_spi_driver.o
                0x08000760                SPI_SendData
 .text.SPI_PeripheralControl
                0x080007ce       0x3c ./drivers/stm32f407xx_spi_driver.o
                0x080007ce                SPI_PeripheralControl
 .text.SPI_SSIConfig
                0x0800080a       0x3c ./drivers/stm32f407xx_spi_driver.o
                0x0800080a                SPI_SSIConfig
 *fill*         0x08000846        0x2 
 .text.__libc_init_array
                0x08000848       0x48 /home/athul-muralidhar/st/stm32cubeide_1.15.1/plugins/com.st.stm32cube.ide.mcu.externaltools.gnu-tools-for-stm32.12.3.rel1.linux64_1.0.200.202406132123/tools/bin/../lib/gcc/arm-none-eabi/12.3.1/../../../../arm-none-eabi/lib/thumb/v7e-m+fp/hard/libc_nano.a(libc_a-init.o)
                0x08000848                __libc_init_array
 *(.glue_7)
 .glue_7        0x08000890        0x0 linker stubs
 *(.glue_7t)
 .glue_7t       0x08000890        0x0 linker stubs
 *(.eh_frame)
 .eh_frame      0x08000890        0x0 /home/athul-muralidhar/st/stm32cubeide_1.15.1/plugins/com.st.stm32cube.ide.mcu.externaltools.gnu-tools-for-stm32.12.3.rel1.linux64_1.0.200.202406132123/tools/bin/../lib/gcc/arm-none-eabi/12.3.1/thumb/v7e-m+fp/hard/crtbegin.o
 *(.init)
 .init          0x08000890        0x4 /home/athul-muralidhar/st/stm32cubeide_1.15.1/plugins/com.st.stm32cube.ide.mcu.externaltools.gnu-tools-for-stm32.12.3.rel1.linux64_1.0.200.202406132123/tools/bin/../lib/gcc/arm-none-eabi/12.3.1/thumb/v7e-m+fp/hard/crti.o
                0x08000890                _init
 .init          0x08000894        0x8 /home/athul-muralidhar/st/stm32cubeide_1.15.1/plugins/com.st.stm32cube.ide.mcu.externaltools.gnu-tools-for-stm32.12.3.rel1.linux64_1.0.200.202406132123/tools/bin/../lib/gcc/arm-none-eabi/12.3.1/thumb/v7e-m+fp/hard/crtn.o
 *(.fini)
 .fini          0x0800089c        0x4 /home/athul-muralidhar/st/stm32cubeide_1.15.1/plugins/com.st.stm32cube.ide.mcu.externaltools.gnu-tools-for-stm32.12.3.rel1.linux64_1.0.200.202406132123/tools/bin/../lib/gcc/arm-none-eabi/12.3.1/thumb/v7e-m+fp/hard/crti.o
                0x0800089c                _fini
 .fini          0x080008a0        0x8 /home/athul-muralidhar/st/stm32cubeide_1.15.1/plugins/com.st.stm32cube.ide.mcu.externaltools.gnu-tools-for-stm32.12.3.rel1.linux64_1.0.200.202406132123/tools/bin/../lib/gcc/arm-none-eabi/12.3.1/thumb/v7e-m+fp/hard/crtn.o
                0x080008a8                        . = ALIGN (0x4)
                0x080008a8                        _etext = .

.vfp11_veneer   0x080008a8        0x0
 .vfp11_veneer  0x080008a8        0x0 linker stubs

.v4_bx          0x080008a8        0x0
 .v4_bx         0x080008a8        0x0 linker stubs

.iplt           0x080008a8        0x0
 .iplt          0x080008a8        0x0 /home/athul-muralidhar/st/stm32cubeide_1.15.1/plugins/com.st.stm32cube.ide.mcu.externaltools.gnu-tools-for-stm32.12.3.rel1.linux64_1.0.200.202406132123/tools/bin/../lib/gcc/arm-none-eabi/12.3.1/thumb/v7e-m+fp/hard/crtbegin.o

.rodata         0x080008a8        0xc
                0x080008a8                        . = ALIGN (0x4)
 *(.rodata)
 .rodata        0x080008a8        0xc ./Src/main.o
 *(.rodata*)
                0x080008b4                        . = ALIGN (0x4)

.ARM.extab      0x080008b4        0x0
                0x080008b4                        . = ALIGN (0x4)
 *(.ARM.extab* .gnu.linkonce.armextab.*)
                0x080008b4                        . = ALIGN (0x4)

.ARM            0x080008b4        0x8
                0x080008b4                        . = ALIGN (0x4)
                0x080008b4                        __exidx_start = .
 *(.ARM.exidx*)
 .ARM.exidx     0x080008b4        0x8 /home/athul-muralidhar/st/stm32cubeide_1.15.1/plugins/com.st.stm32cube.ide.mcu.externaltools.gnu-tools-for-stm32.12.3.rel1.linux64_1.0.200.202406132123/tools/bin/../lib/gcc/arm-none-eabi/12.3.1/../../../../arm-none-eabi/lib/thumb/v7e-m+fp/hard/libc_nano.a(libc_a-strlen.o)
                0x080008bc                        __exidx_end = .
                0x080008bc                        . = ALIGN (0x4)

.preinit_array  0x080008bc        0x0
                0x080008bc                        . = ALIGN (0x4)
                0x080008bc                        PROVIDE (__preinit_array_start = .)
 *(.preinit_array*)
                0x080008bc                        PROVIDE (__preinit_array_end = .)
                0x080008bc                        . = ALIGN (0x4)

.init_array     0x080008bc        0x4
                0x080008bc                        . = ALIGN (0x4)
                0x080008bc                        PROVIDE (__init_array_start = .)
 *(SORT_BY_NAME(.init_array.*))
 *(.init_array*)
 .init_array    0x080008bc        0x4 /home/athul-muralidhar/st/stm32cubeide_1.15.1/plugins/com.st.stm32cube.ide.mcu.externaltools.gnu-tools-for-stm32.12.3.rel1.linux64_1.0.200.202406132123/tools/bin/../lib/gcc/arm-none-eabi/12.3.1/thumb/v7e-m+fp/hard/crtbegin.o
                0x080008c0                        PROVIDE (__init_array_end = .)
                0x080008c0                        . = ALIGN (0x4)

.fini_array     0x080008c0        0x4
                0x080008c0                        . = ALIGN (0x4)
                [!provide]                        PROVIDE (__fini_array_start = .)
 *(SORT_BY_NAME(.fini_array.*))
 *(.fini_array*)
 .fini_array    0x080008c0        0x4 /home/athul-muralidhar/st/stm32cubeide_1.15.1/plugins/com.st.stm32cube.ide.mcu.externaltools.gnu-tools-for-stm32.12.3.rel1.linux64_1.0.200.202406132123/tools/bin/../lib/gcc/arm-none-eabi/12.3.1/thumb/v7e-m+fp/hard/crtbegin.o
                [!provide]                        PROVIDE (__fini_array_end = .)
                0x080008c4                        . = ALIGN (0x4)
                0x080008c4                        _sidata = LOADADDR (.data)

.rel.dyn        0x080008c4        0x0
 .rel.iplt      0x080008c4        0x0 /home/athul-muralidhar/st/stm32cubeide_1.15.1/plugins/com.st.stm32cube.ide.mcu.externaltools.gnu-tools-for-stm32.12.3.rel1.linux64_1.0.200.202406132123/tools/bin/../lib/gcc/arm-none-eabi/12.3.1/thumb/v7e-m+fp/hard/crtbegin.o

.data           0x20000000        0x0 load address 0x080008c4
                0x20000000                        . = ALIGN (0x4)
                0x20000000                        _sdata = .
 *(.data)
 *(.data*)
 *(.RamFunc)
 *(.RamFunc*)
                0x20000000                        . = ALIGN (0x4)
                0x20000000                        _edata = .
                0x080008c4                        _siccmram = LOADADDR (.ccmram)

.igot.plt       0x20000000        0x0 load address 0x080008c4
 .igot.plt      0x20000000        0x0 /home/athul-muralidhar/st/stm32cubeide_1.15.1/plugins/com.st.stm32cube.ide.mcu.externaltools.gnu-tools-for-stm32.12.3.rel1.linux64_1.0.200.202406132123/tools/bin/../lib/gcc/arm-none-eabi/12.3.1/thumb/v7e-m+fp/hard/crtbegin.o

.ccmram         0x10000000        0x0 load address 0x080008c4
                0x10000000                        . = ALIGN (0x4)
                0x10000000                        _sccmram = .
 *(.ccmram)
 *(.ccmram*)
                0x10000000                        . = ALIGN (0x4)
                0x10000000                        _eccmram = .
                0x10000000                        . = ALIGN (0x4)

.bss            0x20000000       0x1c
                0x20000000                        _sbss = .
                0x20000000                        __bss_start__ = _sbss
 *(.bss)
 .bss           0x20000000       0x1c /home/athul-muralidhar/st/stm32cubeide_1.15.1/plugins/com.st.stm32cube.ide.mcu.externaltools.gnu-tools-for-stm32.12.3.rel1.linux64_1.0.200.202406132123/tools/bin/../lib/gcc/arm-none-eabi/12.3.1/thumb/v7e-m+fp/hard/crtbegin.o
 *(.bss*)
 *(COMMON)
                0x2000001c                        . = ALIGN (0x4)
                0x2000001c                        _ebss = .
                0x2000001c                        __bss_end__ = _ebss

._user_heap_stack
                0x2000001c      0x604
                0x20000020                        . = ALIGN (0x8)
 *fill*         0x2000001c        0x4 
                [!provide]                        PROVIDE (end = .)
                0x20000020                        PROVIDE (_end = .)
                0x20000220                        . = (. + _Min_Heap_Size)
 *fill*         0x20000020      0x200 
                0x20000620                        . = (. + _Min_Stack_Size)
 *fill*         0x20000220      0x400 
                0x20000620                        . = ALIGN (0x8)

/DISCARD/
 libc.a(*)
 libm.a(*)
 libgcc.a(*)

.ARM.attributes
                0x00000000       0x30
 *(.ARM.attributes)
 .ARM.attributes
                0x00000000       0x22 /home/athul-muralidhar/st/stm32cubeide_1.15.1/plugins/com.st.stm32cube.ide.mcu.externaltools.gnu-tools-for-stm32.12.3.rel1.linux64_1.0.200.202406132123/tools/bin/../lib/gcc/arm-none-eabi/12.3.1/thumb/v7e-m+fp/hard/crti.o
 .ARM.attributes
                0x00000022       0x34 /home/athul-muralidhar/st/stm32cubeide_1.15.1/plugins/com.st.stm32cube.ide.mcu.externaltools.gnu-tools-for-stm32.12.3.rel1.linux64_1.0.200.202406132123/tools/bin/../lib/gcc/arm-none-eabi/12.3.1/thumb/v7e-m+fp/hard/crtbegin.o
 .ARM.attributes
                0x00000056       0x34 ./Src/main.o
 .ARM.attributes
                0x0000008a       0x21 ./Startup/startup_stm32f407vgtx.o
 .ARM.attributes
                0x000000ab       0x34 ./drivers/stm32f407xx_gpio_driver.o
 .ARM.attributes
                0x000000df       0x34 ./drivers/stm32f407xx_spi_driver.o
 .ARM.attributes
                0x00000113       0x34 /home/athul-muralidhar/st/stm32cubeide_1.15.1/plugins/com.st.stm32cube.ide.mcu.externaltools.gnu-tools-for-stm32.12.3.rel1.linux64_1.0.200.202406132123/tools/bin/../lib/gcc/arm-none-eabi/12.3.1/../../../../arm-none-eabi/lib/thumb/v7e-m+fp/hard/libc_nano.a(libc_a-init.o)
 .ARM.attributes
                0x00000147       0x17 /home/athul-muralidhar/st/stm32cubeide_1.15.1/plugins/com.st.stm32cube.ide.mcu.externaltools.gnu-tools-for-stm32.12.3.rel1.linux64_1.0.200.202406132123/tools/bin/../lib/gcc/arm-none-eabi/12.3.1/../../../../arm-none-eabi/lib/thumb/v7e-m+fp/hard/libc_nano.a(libc_a-strlen.o)
 .ARM.attributes
                0x0000015e       0x22 /home/athul-muralidhar/st/stm32cubeide_1.15.1/plugins/com.st.stm32cube.ide.mcu.externaltools.gnu-tools-for-stm32.12.3.rel1.linux64_1.0.200.202406132123/tools/bin/../lib/gcc/arm-none-eabi/12.3.1/thumb/v7e-m+fp/hard/crtn.o
OUTPUT(accelerometer.elf elf32-littlearm)
LOAD linker stubs
LOAD /home/athul-muralidhar/st/stm32cubeide_1.15.1/plugins/com.st.stm32cube.ide.mcu.externaltools.gnu-tools-for-stm32.12.3.rel1.linux64_1.0.200.202406132123/tools/bin/../lib/gcc/arm-none-eabi/12.3.1/../../../../arm-none-eabi/lib/thumb/v7e-m+fp/hard/libc.a
LOAD /home/athul-muralidhar/st/stm32cubeide_1.15.1/plugins/com.st.stm32cube.ide.mcu.externaltools.gnu-tools-for-stm32.12.3.rel1.linux64_1.0.200.202406132123/tools/bin/../lib/gcc/arm-none-eabi/12.3.1/../../../../arm-none-eabi/lib/thumb/v7e-m+fp/hard/libm.a
LOAD /home/athul-muralidhar/st/stm32cubeide_1.15.1/plugins/com.st.stm32cube.ide.mcu.externaltools.gnu-tools-for-stm32.12.3.rel1.linux64_1.0.200.202406132123/tools/bin/../lib/gcc/arm-none-eabi/12.3.1/thumb/v7e-m+fp/hard/libgcc.a

.debug_info     0x00000000     0x1403
 .debug_info    0x00000000      0x381 ./Src/main.o
 .debug_info    0x00000381       0x30 ./Startup/startup_stm32f407vgtx.o
 .debug_info    0x000003b1      0x794 ./drivers/stm32f407xx_gpio_driver.o
 .debug_info    0x00000b45      0x8be ./drivers/stm32f407xx_spi_driver.o

.debug_abbrev   0x00000000      0x54a
 .debug_abbrev  0x00000000      0x180 ./Src/main.o
 .debug_abbrev  0x00000180       0x24 ./Startup/startup_stm32f407vgtx.o
 .debug_abbrev  0x000001a4      0x1ad ./drivers/stm32f407xx_gpio_driver.o
 .debug_abbrev  0x00000351      0x1f9 ./drivers/stm32f407xx_spi_driver.o

.debug_aranges  0x00000000      0x178
 .debug_aranges
                0x00000000       0x28 ./Src/main.o
 .debug_aranges
                0x00000028       0x28 ./Startup/startup_stm32f407vgtx.o
 .debug_aranges
                0x00000050       0x70 ./drivers/stm32f407xx_gpio_driver.o
 .debug_aranges
                0x000000c0       0xb8 ./drivers/stm32f407xx_spi_driver.o

.debug_rnglists
                0x00000000      0x112
 .debug_rnglists
                0x00000000       0x19 ./Src/main.o
 .debug_rnglists
                0x00000019       0x19 ./Startup/startup_stm32f407vgtx.o
 .debug_rnglists
                0x00000032       0x54 ./drivers/stm32f407xx_gpio_driver.o
 .debug_rnglists
                0x00000086       0x8c ./drivers/stm32f407xx_spi_driver.o

.debug_macro    0x00000000     0x1af7
 .debug_macro   0x00000000       0x91 ./Src/main.o
 .debug_macro   0x00000091      0xac0 ./Src/main.o
 .debug_macro   0x00000b51       0x22 ./Src/main.o
 .debug_macro   0x00000b73       0x8e ./Src/main.o
 .debug_macro   0x00000c01       0x51 ./Src/main.o
 .debug_macro   0x00000c52      0x103 ./Src/main.o
 .debug_macro   0x00000d55       0x6a ./Src/main.o
 .debug_macro   0x00000dbf      0x1df ./Src/main.o
 .debug_macro   0x00000f9e      0x189 ./Src/main.o
 .debug_macro   0x00001127      0x662 ./Src/main.o
 .debug_macro   0x00001789       0xc4 ./Src/main.o
 .debug_macro   0x0000184d       0xca ./Src/main.o
 .debug_macro   0x00001917       0x8e ./drivers/stm32f407xx_gpio_driver.o
 .debug_macro   0x000019a5       0xc4 ./drivers/stm32f407xx_gpio_driver.o
 .debug_macro   0x00001a69       0x8e ./drivers/stm32f407xx_spi_driver.o

.debug_line     0x00000000     0x17f7
 .debug_line    0x00000000      0x4aa ./Src/main.o
 .debug_line    0x000004aa       0x7b ./Startup/startup_stm32f407vgtx.o
 .debug_line    0x00000525      0x974 ./drivers/stm32f407xx_gpio_driver.o
 .debug_line    0x00000e99      0x95e ./drivers/stm32f407xx_spi_driver.o

.debug_str      0x00000000     0x6608
 .debug_str     0x00000000     0x6059 ./Src/main.o
                               0x623c (size before relaxing)
 .debug_str     0x00006059       0x3f ./Startup/startup_stm32f407vgtx.o
                                 0x80 (size before relaxing)
 .debug_str     0x00006098      0x30b ./drivers/stm32f407xx_gpio_driver.o
                               0x6209 (size before relaxing)
 .debug_str     0x000063a3      0x265 ./drivers/stm32f407xx_spi_driver.o
                               0x62da (size before relaxing)

.comment        0x00000000       0x43
 .comment       0x00000000       0x43 ./Src/main.o
                                 0x44 (size before relaxing)
 .comment       0x00000043       0x44 ./drivers/stm32f407xx_gpio_driver.o
 .comment       0x00000043       0x44 ./drivers/stm32f407xx_spi_driver.o

.debug_frame    0x00000000      0x57c
 .debug_frame   0x00000000       0x54 ./Src/main.o
 .debug_frame   0x00000054      0x1d8 ./drivers/stm32f407xx_gpio_driver.o
 .debug_frame   0x0000022c      0x324 ./drivers/stm32f407xx_spi_driver.o
 .debug_frame   0x00000550       0x2c /home/athul-muralidhar/st/stm32cubeide_1.15.1/plugins/com.st.stm32cube.ide.mcu.externaltools.gnu-tools-for-stm32.12.3.rel1.linux64_1.0.200.202406132123/tools/bin/../lib/gcc/arm-none-eabi/12.3.1/../../../../arm-none-eabi/lib/thumb/v7e-m+fp/hard/libc_nano.a(libc_a-init.o)

.debug_line_str
                0x00000000       0x64
 .debug_line_str
                0x00000000       0x64 ./Startup/startup_stm32f407vgtx.o
